<?xml version="1.0" encoding="UTF-8"?>
<testsuites>
  <testsuite name="CLI Arguments" tests="1" assertions="1" errors="0" failures="0" skipped="0" time="0.004985">
    <testsuite name="ExemploTest" file="C:\xampp\htdocs\encontrapets\tests\exemploTest.php" tests="1" assertions="1" errors="0" failures="0" skipped="0" time="0.004985">
      <testcase name="testTrueIsTrue" file="C:\xampp\htdocs\encontrapets\tests\exemploTest.php" line="6" class="ExemploTest" classname="ExemploTest" assertions="1" time="0.004985"/>
    </testsuite>
  </testsuite>
</testsuites>
